// Jest Snapshot v1, https://goo.gl/fbAQLP

exports[`Footer renders correctly 1`] = `
<div
  className="ant-col ant-col-24"
  style={
    Object {
      "paddingBottom": "2rem",
      "paddingTop": "2rem",
      "textAlign": "center",
    }
  }
>
  Â© 
  2020
  , Built with
   
  <a
    href="https://www.gatsbyjs.com"
  >
    Gatsby
  </a>
</div>
`;
